// Jest Snapshot v1, https://goo.gl/fbAQLP

exports[`Login Section renders correctly 1`] = `
<div
  id="loginLeft"
>
  <div
    id="text1"
  >
    Design APIs fast,
  </div>
  <div
    id="text2"
  >
    Manage content easily
  </div>
  <img
    alt="frontpic"
    id="frontimage"
    src="frontpic.png"
  />
</div>
`;
